---
source: src/requests/confirmation.rs
expression: terminal.backend()
---
"                                                                                "
"                                                                                "
"                                                                                "
"                                                                                "
"                                                                                "
"                                                                                "
"                                                                                "
"                                                                                "
"     ┏━━━━━━━━━━━━━━━━━━━━━━━━━━━━━━━━━━━━━━━━━━━━━━━━━━━━━━━━━━━━━━━━━━━━┓     "
"     ┃      Authentication required for the device 44:45:41:44:42:45      ┃     "
"     ┃                                                                    ┃     "
"     ┃                       Confirm Passkey 000000                       ┃     "
"     ┃                                                                    ┃     "
"     ┃                           No        Yes                            ┃     "
"     ┃                                                                    ┃     "
"     ┗━━━━━━━━━━━━━━━━━━━━━━━━━━━━━━━━━━━━━━━━━━━━━━━━━━━━━━━━━━━━━━━━━━━━┛     "
"                                                                                "
"                                                                                "
"                                                                                "
"                                                                                "
"                                                                                "
"                                                                                "
"                                                                                "
"                                                                                "
