---
source: src/help.rs
expression: terminal.backend()
---
"                                                       󱊷  or ↵  Ok                                                      "
"                                                                                                                        "
