---
source: src/notification.rs
expression: terminal.backend()
---
"                                                                   ┏━━━━━━━━━┓  "
"                                                                   ┃ Warning ┃  "
"                                                                   ┃  short  ┃  "
"                                                                   ┗━━━━━━━━━┛  "
"                                                                                "
"                                                                                "
"                                                                                "
"                                                                                "
"                                                                                "
"                                                                                "
"                                                                                "
"                                                                                "
"                                                                                "
"                                                                                "
"                                                                                "
"                                                                                "
"                                                                                "
"                                                                                "
"                                                                                "
"                                                                                "
"                                                                                "
"                                                                                "
"                                                                                "
"                                                                                "
