---
source: src/notification.rs
expression: terminal.backend()
---
"                                                                   ┏━━━━━━━━━┓  "
"                                                                   ┃  Error  ┃  "
"                                                                   ┃  with   ┃  "
"                                                                   ┃ newline ┃  "
"                                                                   ┗━━━━━━━━━┛  "
"                                                                                "
"                                                                                "
"                                                                                "
"                                                                                "
"                                                                                "
"                                                                                "
"                                                                                "
"                                                                                "
"                                                                                "
"                                                                                "
"                                                                                "
"                                                                                "
"                                                                                "
"                                                                                "
"                                                                                "
"                                                                                "
"                                                                                "
"                                                                                "
"                                                                                "
