---
source: src/notification.rs
expression: terminal.backend()
---
"                                                               ┏━━━━━━━━━━━━━┓  "
"                                                               ┃    Error    ┃  "
"                                                               ┃ longer with ┃  "
"                                                               ┃   newline   ┃  "
"                                                               ┗━━━━━━━━━━━━━┛  "
"                                                                                "
"                                                                                "
"                                                                                "
"                                                                                "
"                                                                                "
"                                                                                "
"                                                                                "
"                                                                                "
"                                                                                "
"                                                                                "
"                                                                                "
"                                                                                "
"                                                                                "
"                                                                                "
"                                                                                "
"                                                                                "
"                                                                                "
"                                                                                "
"                                                                                "
