---
source: src/help.rs
expression: terminal.backend()
---
"                              k,  Up | j,  Down | 󱁐  or ↵  Pair | s  Scan on/off | ⇄ Nav                              "
"                                                                                                                        "
