---
source: src/help.rs
expression: terminal.backend()
---
"                                                       󱊷   Discard                                                       "
"                                                                                                                         "
