---
source: src/help.rs
expression: terminal.backend()
---
"                                             󱊷  Discard | ⇄ Nav | ↵  Submit                                              "
"                                                                                                                         "
